[cnn_16x16] seed=0 chip=16x16 obs=(3, 16, 16) faults=0% params=2,154,761 device=cpu
[cnn_16x16] epoch   1/40  success   5.0%  score   -35.93  cycles  24.97  lr 3.50e-04  (43s)
[cnn_16x16] epoch   2/40  success  24.3%  score     2.72  cycles  20.95  lr 3.50e-04  (72s)
[cnn_16x16] epoch   3/40  success  33.3%  score    15.28  cycles  19.23  lr 3.50e-04  (62s)
[cnn_16x16] epoch   4/40  success  34.3%  score    18.35  cycles  19.05  lr 3.50e-04  (44s)
[cnn_16x16] epoch   5/40  success  39.0%  score    21.42  cycles  18.10  lr 3.50e-04  (44s)
[cnn_16x16] epoch   6/40  success  51.7%  score    40.35  cycles  15.90  lr 3.50e-04  (154s)
[cnn_16x16] epoch   7/40  success  48.7%  score    34.49  cycles  16.09  lr 3.50e-04  (43s)
[cnn_16x16] epoch   8/40  success  56.0%  score    47.33  cycles  14.87  lr 3.50e-04  (43s)
[cnn_16x16] epoch   9/40  success  66.0%  score    58.74  cycles  12.99  lr 3.50e-04  (42s)
[cnn_16x16] epoch  10/40  success  74.3%  score    71.35  cycles  11.17  lr 3.50e-04  (43s)
[cnn_16x16] epoch  11/40  success  77.3%  score    76.04  cycles  10.37  lr 3.50e-04  (43s)
[cnn_16x16] epoch  12/40  success  79.3%  score    76.89  cycles  10.61  lr 3.50e-04  (43s)
[cnn_16x16] epoch  13/40  success  78.7%  score    75.97  cycles  10.61  lr 3.50e-04  (42s)
[cnn_16x16] epoch  14/40  success  81.7%  score    81.29  cycles   9.84  lr 3.50e-04  (45s)
[cnn_16x16] epoch  15/40  success  82.0%  score    82.30  cycles   9.52  lr 3.50e-04  (43s)
[cnn_16x16] epoch  16/40  success  81.7%  score    82.18  cycles   9.80  lr 3.50e-04  (43s)
[cnn_16x16] epoch  17/40  success  86.3%  score    87.21  cycles   9.08  lr 3.50e-04  (43s)
[cnn_16x16] epoch  18/40  success  85.0%  score    85.02  cycles   9.08  lr 3.50e-04  (41s)
[cnn_16x16] epoch  19/40  success  87.7%  score    88.04  cycles   8.73  lr 3.50e-04  (43s)
[cnn_16x16] epoch  20/40  success  87.7%  score    88.85  cycles   8.44  lr 3.50e-04  (43s)
[cnn_16x16] epoch  21/40  success  87.7%  score    89.86  cycles   8.51  lr 3.50e-04  (39s)
[cnn_16x16] epoch  22/40  success  89.7%  score    91.50  cycles   8.28  lr 3.50e-04  (36s)
[cnn_16x16] epoch  23/40  success  94.7%  score    97.98  cycles   7.38  lr 3.50e-04  (37s)
[cnn_16x16] epoch  24/40  success  92.0%  score    95.02  cycles   7.40  lr 3.50e-04  (37s)
[cnn_16x16] epoch  25/40  success  92.7%  score    95.33  cycles   7.38  lr 3.50e-04  (37s)
[cnn_16x16] epoch  26/40  success  92.7%  score    95.93  cycles   7.20  lr 3.50e-04  (36s)
[cnn_16x16] epoch  27/40  success  97.3%  score   102.24  cycles   6.43  lr 3.50e-04  (34s)
[cnn_16x16] epoch  28/40  success  95.7%  score    99.75  cycles   6.73  lr 3.50e-04  (35s)
[cnn_16x16] epoch  29/40  success  95.0%  score    99.34  cycles   6.77  lr 3.50e-04  (34s)
[cnn_16x16] epoch  30/40  success  95.7%  score    99.64  cycles   6.47  lr 3.50e-04  (35s)
[cnn_16x16] epoch  31/40  success  96.3%  score   100.51  cycles   6.22  lr 3.50e-04  (40s)
[cnn_16x16] epoch  32/40  success  96.0%  score    99.69  cycles   6.29  lr 3.50e-04  (41s)
[cnn_16x16] epoch  33/40  success  98.0%  score   102.61  cycles   5.88  lr 3.50e-04  (40s)
[cnn_16x16] epoch  34/40  success  97.0%  score   101.69  cycles   6.19  lr 3.50e-04  (42s)
[cnn_16x16] epoch  35/40  success  97.0%  score   100.98  cycles   6.24  lr 3.50e-04  (41s)
[cnn_16x16] epoch  36/40  success  98.3%  score   102.89  cycles   5.87  lr 3.50e-04  (41s)
[cnn_16x16] epoch  37/40  success  96.7%  score   100.48  cycles   6.33  lr 3.50e-04  (42s)
[cnn_16x16] epoch  38/40  success  96.7%  score   100.53  cycles   6.02  lr 3.50e-04  (40s)
[cnn_16x16] epoch  39/40  success  97.7%  score   102.02  cycles   5.75  lr 3.50e-04  (39s)
[cnn_16x16] epoch  40/40  success  95.0%  score    98.04  cycles   6.35  lr 3.50e-04  (41s)
/home/user/meda/runs/cnn_16x16/seed_0
