[gnn_dirgcn_16x16] seed=0 chip=16x16 obs=(3, 16, 16) faults=0% params=76,233 device=cpu
[gnn_dirgcn_16x16] epoch   1/40  success   5.0%  score   -41.92  cycles  24.91  lr 3.50e-04  (90s)
[gnn_dirgcn_16x16] epoch   2/40  success  11.0%  score   -29.81  cycles  23.71  lr 3.50e-04  (106s)
[gnn_dirgcn_16x16] epoch   3/40  success  50.3%  score    29.07  cycles  15.73  lr 3.50e-04  (111s)
[gnn_dirgcn_16x16] epoch   4/40  success  77.7%  score    72.47  cycles  10.87  lr 3.50e-04  (102s)
[gnn_dirgcn_16x16] epoch   5/40  success  85.0%  score    82.24  cycles   9.89  lr 3.50e-04  (107s)
[gnn_dirgcn_16x16] epoch   6/40  success  90.7%  score    91.01  cycles   9.27  lr 3.50e-04  (104s)
[gnn_dirgcn_16x16] epoch   7/40  success  85.3%  score    83.32  cycles  10.19  lr 3.50e-04  (100s)
[gnn_dirgcn_16x16] epoch   8/40  success  93.0%  score    96.18  cycles   7.70  lr 3.50e-04  (96s)
[gnn_dirgcn_16x16] epoch   9/40  success  95.3%  score    98.98  cycles   7.52  lr 3.50e-04  (100s)
[gnn_dirgcn_16x16] epoch  10/40  success  99.3%  score   104.11  cycles   6.37  lr 3.50e-04 -> decay  (97s)
[gnn_dirgcn_16x16] epoch  11/40  success  97.0%  score   101.66  cycles   6.58  lr 2.45e-04  (95s)
[gnn_dirgcn_16x16] epoch  12/40  success  98.0%  score   102.46  cycles   6.02  lr 2.45e-04  (95s)
[gnn_dirgcn_16x16] epoch  13/40  success  99.3%  score   104.26  cycles   5.40  lr 2.45e-04 -> decay  (94s)
[gnn_dirgcn_16x16] epoch  14/40  success  99.0%  score   103.92  cycles   5.54  lr 1.71e-04  (91s)
[gnn_dirgcn_16x16] epoch  15/40  success  98.7%  score   103.57  cycles   5.44  lr 1.71e-04  (92s)
[gnn_dirgcn_16x16] epoch  16/40  success  99.7%  score   104.97  cycles   5.14  lr 1.71e-04 -> decay  (93s)
[gnn_dirgcn_16x16] epoch  17/40  success 100.0%  score   105.35  cycles   5.00  lr 1.20e-04 -> decay  (93s)
[gnn_dirgcn_16x16] epoch  18/40  success 100.0%  score   105.36  cycles   4.95  lr 8.40e-05 -> decay  (93s)
[gnn_dirgcn_16x16] epoch  19/40  success  99.7%  score   104.91  cycles   4.97  lr 5.88e-05 -> decay  (95s)
[gnn_dirgcn_16x16] epoch  20/40  success 100.0%  score   105.40  cycles   5.00  lr 4.12e-05 -> decay  (92s)
[gnn_dirgcn_16x16] epoch  21/40  success 100.0%  score   105.39  cycles   4.88  lr 2.88e-05 -> decay  (100s)
[gnn_dirgcn_16x16] epoch  22/40  success  99.7%  score   104.92  cycles   4.94  lr 2.02e-05 -> decay  (100s)
[gnn_dirgcn_16x16] epoch  23/40  success 100.0%  score   105.43  cycles   4.86  lr 1.41e-05 -> decay  (100s)
[gnn_dirgcn_16x16] epoch  24/40  success 100.0%  score   105.44  cycles   4.87  lr 9.89e-06 -> decay  (101s)
[gnn_dirgcn_16x16] epoch  25/40  success 100.0%  score   105.42  cycles   4.87  lr 6.92e-06 -> decay  (103s)
[gnn_dirgcn_16x16] epoch  26/40  success 100.0%  score   105.45  cycles   4.86  lr 4.84e-06 -> decay  (104s)
[gnn_dirgcn_16x16] epoch  27/40  success  99.7%  score   104.96  cycles   4.95  lr 3.39e-06 -> decay  (103s)
[gnn_dirgcn_16x16] epoch  28/40  success 100.0%  score   105.45  cycles   4.87  lr 2.37e-06 -> decay  (103s)
[gnn_dirgcn_16x16] epoch  29/40  success 100.0%  score   105.45  cycles   4.87  lr 1.66e-06 -> decay  (101s)
[gnn_dirgcn_16x16] epoch  30/40  success 100.0%  score   105.46  cycles   4.87  lr 1.16e-06 -> decay  (101s)
[gnn_dirgcn_16x16] epoch  31/40  success 100.0%  score   105.46  cycles   4.86  lr 1.00e-06 -> decay  (100s)
[gnn_dirgcn_16x16] epoch  32/40  success 100.0%  score   105.46  cycles   4.87  lr 1.00e-06 -> decay  (99s)
[gnn_dirgcn_16x16] epoch  33/40  success 100.0%  score   105.47  cycles   4.87  lr 1.00e-06 -> decay  (102s)
[gnn_dirgcn_16x16] epoch  34/40  success  99.7%  score   104.98  cycles   4.93  lr 1.00e-06 -> decay  (99s)
[gnn_dirgcn_16x16] epoch  35/40  success 100.0%  score   105.47  cycles   4.86  lr 1.00e-06 -> decay  (99s)
[gnn_dirgcn_16x16] epoch  36/40  success  99.7%  score   104.97  cycles   4.93  lr 1.00e-06 -> decay  (98s)
[gnn_dirgcn_16x16] epoch  37/40  success  99.7%  score   104.97  cycles   4.93  lr 1.00e-06 -> decay  (95s)
[gnn_dirgcn_16x16] epoch  38/40  success 100.0%  score   105.47  cycles   4.85  lr 1.00e-06 -> decay  (89s)
[gnn_dirgcn_16x16] epoch  39/40  success 100.0%  score   105.46  cycles   4.84  lr 1.00e-06 -> decay  (104s)
[gnn_dirgcn_16x16] epoch  40/40  success 100.0%  score   105.45  cycles   4.84  lr 1.00e-06 -> decay  (104s)
/home/user/meda/runs/gnn_dirgcn_16x16/seed_0
