[{"stream_name":"stdout","time":0.816361856,"data":"+ rm -rf /kaggle/tmp/meda \u0026\u0026 git clone --depth 1 -b meda/gnn/graph_routing https://github.com/codebreaker32/meda /kaggle/tmp/meda\n"}
,{"stream_name":"stderr","time":0.867760589,"data":"Cloning into '/kaggle/tmp/meda'...\n"}
,{"stream_name":"stdout","time":2.049725871,"data":"+ pip install -q 'stable-baselines3\u003e=2.2' 'gymnasium\u003e=0.29' 'opencv-python-headless\u003e=4.5' pyyaml\n"}
,{"stream_name":"stdout","time":5.697037777,"data":"   ━━━━━━━━━━━━━━━━━━━━━━━━━━━━━━━━━━━━━━━━ 187.6/187.6 kB 5.1 MB/s eta 0:00:00\n"}
,{"stream_name":"stdout","time":8.108608032,"data":"+ pip install -q --no-deps -e /kaggle/tmp/meda\n"}
,{"stream_name":"stdout","time":24.556006281,"data":"device: cuda\n"}
,{"stream_name":"stdout","time":24.556043458,"data":"+ meda devices\n"}
,{"stream_name":"stdout","time":26.772471601,"data":"  cuda:1   Tesla T4  14.5 / 14.6 GiB free\n"}
,{"stream_name":"stdout","time":26.772510745,"data":"  cuda:0   Tesla T4  14.3 / 14.6 GiB free\n"}
,{"stream_name":"stdout","time":26.772514501,"data":"  cpu      CPU (4 logical cores)\n"}
,{"stream_name":"stdout","time":26.772516885,"data":"auto -\u003e cuda:1\n"}
,{"stream_name":"stdout","time":30.542730664,"data":"+ meda train -c configs/training/gnn_dirgcn_30x30.yaml --set schedule.max_hours=10.992 --set repeats=1 --set output_dir=/kaggle/working/runs --set ppo.device=cuda --set schedule.checkpoint_every=0 --set schedule.epochs=40 \n"}
,{"stream_name":"stderr","time":56.615981231,"data":"Gym has been unmaintained since 2022 and does not support NumPy 2.0 amongst other critical functionality.\n"}
,{"stream_name":"stderr","time":56.616011498,"data":"Please upgrade to Gymnasium, the maintained drop-in replacement of Gym, or contact the authors of your software and request that they upgrade.\n"}
,{"stream_name":"stderr","time":56.616018097,"data":"Users of this version of Gym should be able to simply replace 'import gym' with 'import gymnasium as gym' in the vast majority of cases.\n"}
,{"stream_name":"stderr","time":56.616023407,"data":"See the migration guide at https://gymnasium.farama.org/introduction/migration_guide/ for additional information.\n"}
,{"stream_name":"stderr","time":63.688513305,"data":"/usr/local/lib/python3.13/dist-packages/stable_baselines3/common/on_policy_algorithm.py:150: UserWarning: You are trying to run PPO on the GPU, but it is primarily intended to run on the CPU when not using a CNN policy (you are using ActorCriticPolicy which should be a MlpPolicy). See https://github.com/DLR-RM/stable-baselines3/issues/1245 for more info. You can pass `device='cpu'` or `export CUDA_VISIBLE_DEVICES=` to force using the CPU.Note: The model will train, but the GPU utilization will be poor and the training might take longer than on CPU.\n"}
,{"stream_name":"stderr","time":63.688553008,"data":"  warnings.warn(\n"}
,{"stream_name":"stdout","time":63.688615046,"data":"[gnn_dirgcn_30x30] seed=0 chip=30x30 obs=(3, 30, 30) faults=0% params=76,233 device=cuda:0\n"}
,{"stream_name":"stderr","time":63.923313017,"data":"/kaggle/tmp/meda/src/meda_routing/agents/gnn.py:137: UserWarning: Sparse invariant checks are implicitly disabled. Memory errors (e.g. SEGFAULT) will occur when operating on a sparse tensor which violates the invariants, but checks incur performance overhead. To silence this warning, explicitly opt in or out. See `torch.sparse.check_sparse_tensor_invariants.__doc__` for guidance.  (Triggered internally at /pytorch/aten/src/ATen/Context.cpp:760.)\n"}
,{"stream_name":"stderr","time":63.92335046,"data":"  self._sparse[key] = torch.sparse_coo_tensor(\n"}
,{"stream_name":"stdout","time":138.08956606,"data":"[gnn_dirgcn_30x30] epoch   1/40  success   7.2%  score   -53.38  cycles  36.84  lr 3.50e-04  (74s)\n"}
,{"stream_name":"stdout","time":210.250207059,"data":"[gnn_dirgcn_30x30] epoch   2/40  success  32.6%  score     2.92  cycles  30.48  lr 3.50e-04  (72s)\n"}
,{"stream_name":"stdout","time":280.701088056,"data":"[gnn_dirgcn_30x30] epoch   3/40  success  58.4%  score    45.17  cycles  23.63  lr 3.50e-04  (70s)\n"}
,{"stream_name":"stdout","time":350.351813432,"data":"[gnn_dirgcn_30x30] epoch   4/40  success  66.8%  score    60.40  cycles  21.13  lr 3.50e-04  (69s)\n"}
,{"stream_name":"stdout","time":420.148980256,"data":"[gnn_dirgcn_30x30] epoch   5/40  success  67.2%  score    60.78  cycles  21.86  lr 3.50e-04  (70s)\n"}
,{"stream_name":"stdout","time":488.842872363,"data":"[gnn_dirgcn_30x30] epoch   6/40  success  79.2%  score    79.23  cycles  18.73  lr 3.50e-04  (68s)\n"}
,{"stream_name":"stdout","time":556.960575825,"data":"[gnn_dirgcn_30x30] epoch   7/40  success  88.4%  score    94.83  cycles  15.96  lr 3.50e-04  (68s)\n"}
,{"stream_name":"stdout","time":624.613992643,"data":"[gnn_dirgcn_30x30] epoch   8/40  success  92.4%  score   100.87  cycles  13.98  lr 3.50e-04  (67s)\n"}
,{"stream_name":"stdout","time":692.142032782,"data":"[gnn_dirgcn_30x30] epoch   9/40  success  95.8%  score   104.27  cycles  13.41  lr 3.50e-04  (67s)\n"}
,{"stream_name":"stdout","time":759.67515143,"data":"[gnn_dirgcn_30x30] epoch  10/40  success  96.0%  score   104.18  cycles  12.67  lr 3.50e-04  (67s)\n"}
,{"stream_name":"stdout","time":826.726007881,"data":"[gnn_dirgcn_30x30] epoch  11/40  success  98.6%  score   108.28  cycles  12.14  lr 3.50e-04  (67s)\n"}
,{"stream_name":"stdout","time":893.949408422,"data":"[gnn_dirgcn_30x30] epoch  12/40  success  99.0%  score   108.97  cycles  11.35  lr 3.50e-04  (67s)\n"}
,{"stream_name":"stdout","time":960.622881003,"data":"[gnn_dirgcn_30x30] epoch  13/40  success  99.4%  score   109.84  cycles  10.95  lr 3.50e-04 -\u003e decay  (66s)\n"}
,{"stream_name":"stdout","time":1027.568208642,"data":"[gnn_dirgcn_30x30] epoch  14/40  success  98.8%  score   108.49  cycles  10.37  lr 2.45e-04  (67s)\n"}
,{"stream_name":"stdout","time":1094.197880696,"data":"[gnn_dirgcn_30x30] epoch  15/40  success 100.0%  score   110.94  cycles  10.18  lr 2.45e-04 -\u003e decay  (66s)\n"}
,{"stream_name":"stdout","time":1160.761945157,"data":"[gnn_dirgcn_30x30] epoch  16/40  success  99.6%  score   110.04  cycles  10.22  lr 1.71e-04 -\u003e decay  (66s)\n"}
,{"stream_name":"stdout","time":1227.862609004,"data":"[gnn_dirgcn_30x30] epoch  17/40  success  95.4%  score   102.25  cycles  11.33  lr 1.20e-04  (67s)\n"}
,{"stream_name":"stdout","time":1294.802849504,"data":"[gnn_dirgcn_30x30] epoch  18/40  success  96.4%  score   103.94  cycles  11.16  lr 1.20e-04  (67s)\n"}
,{"stream_name":"stdout","time":1361.446418227,"data":"[gnn_dirgcn_30x30] epoch  19/40  success  99.2%  score   109.05  cycles  10.11  lr 1.20e-04 -\u003e decay  (66s)\n"}
,{"stream_name":"stdout","time":1428.229461132,"data":"[gnn_dirgcn_30x30] epoch  20/40  success  98.6%  score   108.11  cycles  10.31  lr 8.40e-05  (67s)\n"}
,{"stream_name":"stdout","time":1495.00866865,"data":"[gnn_dirgcn_30x30] epoch  21/40  success  98.4%  score   107.94  cycles  10.24  lr 8.40e-05  (67s)\n"}
,{"stream_name":"stdout","time":1561.712137252,"data":"[gnn_dirgcn_30x30] epoch  22/40  success  99.0%  score   108.92  cycles  10.11  lr 8.40e-05  (66s)\n"}
,{"stream_name":"stdout","time":1628.454496902,"data":"[gnn_dirgcn_30x30] epoch  23/40  success  99.8%  score   110.52  cycles   9.81  lr 8.40e-05 -\u003e decay  (66s)\n"}
,{"stream_name":"stdout","time":1694.845925269,"data":"[gnn_dirgcn_30x30] epoch  24/40  success 100.0%  score   110.95  cycles   9.77  lr 5.88e-05 -\u003e decay  (66s)\n"}
,{"stream_name":"stdout","time":1761.079323567,"data":"[gnn_dirgcn_30x30] epoch  25/40  success 100.0%  score   111.07  cycles   9.80  lr 4.12e-05 -\u003e decay  (66s)\n"}
,{"stream_name":"stdout","time":1827.361477445,"data":"[gnn_dirgcn_30x30] epoch  26/40  success 100.0%  score   111.02  cycles   9.76  lr 2.88e-05 -\u003e decay  (66s)\n"}
,{"stream_name":"stdout","time":1893.534645529,"data":"[gnn_dirgcn_30x30] epoch  27/40  success 100.0%  score   111.12  cycles   9.81  lr 2.02e-05 -\u003e decay  (66s)\n"}
,{"stream_name":"stdout","time":1959.744985753,"data":"[gnn_dirgcn_30x30] epoch  28/40  success  99.8%  score   110.87  cycles   9.79  lr 1.41e-05 -\u003e decay  (66s)\n"}
,{"stream_name":"stdout","time":2025.880419556,"data":"[gnn_dirgcn_30x30] epoch  29/40  success 100.0%  score   111.12  cycles   9.80  lr 9.89e-06 -\u003e decay  (66s)\n"}
,{"stream_name":"stdout","time":2092.055425336,"data":"[gnn_dirgcn_30x30] epoch  30/40  success 100.0%  score   111.09  cycles   9.78  lr 6.92e-06 -\u003e decay  (66s)\n"}
,{"stream_name":"stdout","time":2158.26718986,"data":"[gnn_dirgcn_30x30] epoch  31/40  success 100.0%  score   111.04  cycles   9.75  lr 4.84e-06 -\u003e decay  (66s)\n"}
,{"stream_name":"stdout","time":2224.475499484,"data":"[gnn_dirgcn_30x30] epoch  32/40  success 100.0%  score   111.09  cycles   9.77  lr 3.39e-06 -\u003e decay  (66s)\n"}
,{"stream_name":"stdout","time":2290.655373227,"data":"[gnn_dirgcn_30x30] epoch  33/40  success 100.0%  score   111.11  cycles   9.79  lr 2.37e-06 -\u003e decay  (66s)\n"}
,{"stream_name":"stdout","time":2356.877516675,"data":"[gnn_dirgcn_30x30] epoch  34/40  success 100.0%  score   111.12  cycles   9.79  lr 1.66e-06 -\u003e decay  (66s)\n"}
,{"stream_name":"stdout","time":2423.123928106,"data":"[gnn_dirgcn_30x30] epoch  35/40  success 100.0%  score   111.13  cycles   9.79  lr 1.16e-06 -\u003e decay  (66s)\n"}
,{"stream_name":"stdout","time":2489.408911616,"data":"[gnn_dirgcn_30x30] epoch  36/40  success 100.0%  score   111.12  cycles   9.80  lr 1.00e-06 -\u003e decay  (66s)\n"}
,{"stream_name":"stdout","time":2555.669461464,"data":"[gnn_dirgcn_30x30] epoch  37/40  success 100.0%  score   111.14  cycles   9.80  lr 1.00e-06 -\u003e decay  (66s)\n"}
,{"stream_name":"stdout","time":2621.911303716,"data":"[gnn_dirgcn_30x30] epoch  38/40  success 100.0%  score   111.13  cycles   9.80  lr 1.00e-06 -\u003e decay  (66s)\n"}
,{"stream_name":"stdout","time":2688.179742849,"data":"[gnn_dirgcn_30x30] epoch  39/40  success 100.0%  score   111.12  cycles   9.79  lr 1.00e-06 -\u003e decay  (66s)\n"}
,{"stream_name":"stdout","time":2754.574864115,"data":"[gnn_dirgcn_30x30] epoch  40/40  success 100.0%  score   111.12  cycles   9.80  lr 1.00e-06 -\u003e decay  (66s)\n"}
,{"stream_name":"stdout","time":2754.796341851,"data":"/kaggle/working/runs/gnn_dirgcn_30x30/seed_0\n"}
,{"stream_name":"stdout","time":2757.010071459,"data":"+ meda compare-methods --method DirGCN-maxpool-PPO /kaggle/working/runs/gnn_dirgcn_30x30 --episodes 500 --device cuda --out /kaggle/working/results/gnn_dirgcn_30x30\n"}
,{"stream_name":"stderr","time":2763.436079392,"data":"Gym has been unmaintained since 2022 and does not support NumPy 2.0 amongst other critical functionality.\n"}
,{"stream_name":"stderr","time":2763.43610959,"data":"Please upgrade to Gymnasium, the maintained drop-in replacement of Gym, or contact the authors of your software and request that they upgrade.\n"}
,{"stream_name":"stderr","time":2763.436115426,"data":"Users of this version of Gym should be able to simply replace 'import gym' with 'import gymnasium as gym' in the vast majority of cases.\n"}
,{"stream_name":"stderr","time":2763.436120073,"data":"See the migration guide at https://gymnasium.farama.org/introduction/migration_guide/ for additional information.\n"}
,{"stream_name":"stderr","time":2765.216494694,"data":"/usr/local/lib/python3.13/dist-packages/stable_baselines3/common/on_policy_algorithm.py:150: UserWarning: You are trying to run PPO on the GPU, but it is primarily intended to run on the CPU when not using a CNN policy (you are using ActorCriticPolicy which should be a MlpPolicy). See https://github.com/DLR-RM/stable-baselines3/issues/1245 for more info. You can pass `device='cpu'` or `export CUDA_VISIBLE_DEVICES=` to force using the CPU.Note: The model will train, but the GPU utilization will be poor and the training might take longer than on CPU.\n"}
,{"stream_name":"stderr","time":2765.216564666,"data":"  warnings.warn(\n"}
,{"stream_name":"stderr","time":2765.327559481,"data":"/kaggle/tmp/meda/src/meda_routing/agents/gnn.py:137: UserWarning: Sparse invariant checks are implicitly disabled. Memory errors (e.g. SEGFAULT) will occur when operating on a sparse tensor which violates the invariants, but checks incur performance overhead. To silence this warning, explicitly opt in or out. See `torch.sparse.check_sparse_tensor_invariants.__doc__` for guidance.  (Triggered internally at /pytorch/aten/src/ATen/Context.cpp:760.)\n"}
,{"stream_name":"stderr","time":2765.327609954,"data":"  self._sparse[key] = torch.sparse_coo_tensor(\n"}
,{"stream_name":"stdout","time":2769.169236626,"data":"[DirGCN-maxpool-PPO seed 0] success 100.0%  cycles 9.84  inference 1.41 ms (cuda:0)\n"}
,{"stream_name":"stdout","time":2769.16926261,"data":"method                         DirGCN-maxpool-PPO\n"}
,{"stream_name":"stdout","time":2769.169267279,"data":"n_seeds                                         1\n"}
,{"stream_name":"stdout","time":2769.169270731,"data":"success_rate_pct                              100\n"}
,{"stream_name":"stdout","time":2769.16927567,"data":"mean_cycles                                  9.84\n"}
,{"stream_name":"stdout","time":2769.169322802,"data":"median_cycles                                   8\n"}
,{"stream_name":"stdout","time":2769.169326846,"data":"std_cycles                                  6.655\n"}
,{"stream_name":"stdout","time":2769.169330787,"data":"mean_cycles_successful_jobs                  9.84\n"}
,{"stream_name":"stdout","time":2769.169335155,"data":"failure_rate_pct                                0\n"}
,{"stream_name":"stdout","time":2769.169338989,"data":"invalid_action_rate                             0\n"}
,{"stream_name":"stdout","time":2769.169342954,"data":"env_steps_to_convergence                 147500.0\n"}
,{"stream_name":"stdout","time":2769.169347151,"data":"optimizer_steps_to_convergence            18430.0\n"}
,{"stream_name":"stdout","time":2769.169350867,"data":"seeds_converged                                 1\n"}
,{"stream_name":"stdout","time":2769.169354823,"data":"train_time_s                                 2691\n"}
,{"stream_name":"stdout","time":2769.169358216,"data":"inference_ms_per_decision                   1.408\n"}
,{"stream_name":"stdout","time":2769.169361656,"data":"device                                     cuda:0\n"}
,{"stream_name":"stdout","time":2769.169365035,"data":"experiment_config: /kaggle/working/results/gnn_dirgcn_30x30/tables/experiment_config.csv\n"}
,{"stream_name":"stdout","time":2769.16936859,"data":"main_comparison: /kaggle/working/results/gnn_dirgcn_30x30/tables/main_comparison.csv\n"}
,{"stream_name":"stdout","time":2769.169372011,"data":"per_seed: /kaggle/working/results/gnn_dirgcn_30x30/tables/per_seed_results.csv\n"}
,{"stream_name":"stdout","time":2769.169375563,"data":"training_metrics: /kaggle/working/results/gnn_dirgcn_30x30/logs/training_metrics.csv\n"}
,{"stream_name":"stdout","time":2769.16938056,"data":"evaluation_jobs: /kaggle/working/results/gnn_dirgcn_30x30/logs/evaluation_jobs.csv\n"}
,{"stream_name":"stdout","time":2769.169387233,"data":"graph_validation: /kaggle/working/results/gnn_dirgcn_30x30/tables/graph_validation.csv\n"}
,{"stream_name":"stdout","time":2769.169398834,"data":"success_rate_vs_env_steps: /kaggle/working/results/gnn_dirgcn_30x30/figures/success_rate_vs_env_steps.png\n"}
,{"stream_name":"stdout","time":2769.169401426,"data":"train_success_rate_vs_env_steps: /kaggle/working/results/gnn_dirgcn_30x30/figures/train_success_rate_vs_env_steps.png\n"}
,{"stream_name":"stdout","time":2769.169403771,"data":"mean_cycles_vs_env_steps: /kaggle/working/results/gnn_dirgcn_30x30/figures/mean_cycles_vs_env_steps.png\n"}
,{"stream_name":"stdout","time":2770.964995231,"data":"done: gnn_dirgcn_30x30\n"}
,{"stream_name":"stderr","time":2773.590852524,"data":"/usr/local/lib/python3.13/dist-packages/mistune.py:435: SyntaxWarning: invalid escape sequence '\\|'\n"}
,{"stream_name":"stderr","time":2773.590902253,"data":"  cells[i][c] = re.sub('\\\\\\\\\\|', '|', cell)\n"}
,{"stream_name":"stderr","time":2773.867468432,"data":"/usr/local/lib/python3.13/dist-packages/nbconvert/filters/filter_links.py:36: SyntaxWarning: invalid escape sequence '\\_'\n"}
,{"stream_name":"stderr","time":2773.867495399,"data":"  text = re.sub(r'_', '\\_', text) # Escape underscores in display text\n"}
,{"stream_name":"stderr","time":2774.640138293,"data":"[NbConvertApp] Converting notebook __script__.ipynb to html\n"}
,{"stream_name":"stderr","time":2775.154542866,"data":"[NbConvertApp] Writing 284481 bytes to __results__.html\n"}
]