[{"stream_name":"stdout","time":0.798195795,"data":"+ rm -rf /kaggle/tmp/meda \u0026\u0026 git clone --depth 1 -b meda/gnn/graph_routing https://github.com/codebreaker32/meda /kaggle/tmp/meda\n"}
,{"stream_name":"stderr","time":0.852662311,"data":"Cloning into '/kaggle/tmp/meda'...\n"}
,{"stream_name":"stdout","time":1.895920636,"data":"+ pip install -q 'stable-baselines3\u003e=2.2' 'gymnasium\u003e=0.29' 'opencv-python-headless\u003e=4.5' pyyaml\n"}
,{"stream_name":"stdout","time":5.646479495,"data":"   ━━━━━━━━━━━━━━━━━━━━━━━━━━━━━━━━━━━━━━━━ 187.6/187.6 kB 3.0 MB/s eta 0:00:00\n"}
,{"stream_name":"stdout","time":8.16708551,"data":"+ pip install -q --no-deps -e /kaggle/tmp/meda\n"}
,{"stream_name":"stdout","time":24.904632221,"data":"device: cuda\n"}
,{"stream_name":"stdout","time":24.904668944,"data":"+ meda devices\n"}
,{"stream_name":"stdout","time":27.147539753,"data":"  cuda:1   Tesla T4  14.5 / 14.6 GiB free\n"}
,{"stream_name":"stdout","time":27.147576348,"data":"  cuda:0   Tesla T4  14.3 / 14.6 GiB free\n"}
,{"stream_name":"stdout","time":27.147582333,"data":"  cpu      CPU (4 logical cores)\n"}
,{"stream_name":"stdout","time":27.147586569,"data":"auto -\u003e cuda:1\n"}
,{"stream_name":"stdout","time":30.848959653,"data":"+ meda train -c configs/training/paper_60x60_healthy.yaml --set schedule.max_hours=10.992 --set repeats=1 --set output_dir=/kaggle/working/runs --set ppo.device=cuda --set schedule.checkpoint_every=0 --set schedule.epochs=40 \n"}
,{"stream_name":"stderr","time":57.245912769,"data":"Gym has been unmaintained since 2022 and does not support NumPy 2.0 amongst other critical functionality.\n"}
,{"stream_name":"stderr","time":57.245944963,"data":"Please upgrade to Gymnasium, the maintained drop-in replacement of Gym, or contact the authors of your software and request that they upgrade.\n"}
,{"stream_name":"stderr","time":57.245953121,"data":"Users of this version of Gym should be able to simply replace 'import gym' with 'import gymnasium as gym' in the vast majority of cases.\n"}
,{"stream_name":"stderr","time":57.245959397,"data":"See the migration guide at https://gymnasium.farama.org/introduction/migration_guide/ for additional information.\n"}
,{"stream_name":"stderr","time":66.057419396,"data":"/usr/local/lib/python3.13/dist-packages/stable_baselines3/common/on_policy_algorithm.py:150: UserWarning: You are trying to run PPO on the GPU, but it is primarily intended to run on the CPU when not using a CNN policy (you are using ActorCriticPolicy which should be a MlpPolicy). See https://github.com/DLR-RM/stable-baselines3/issues/1245 for more info. You can pass `device='cpu'` or `export CUDA_VISIBLE_DEVICES=` to force using the CPU.Note: The model will train, but the GPU utilization will be poor and the training might take longer than on CPU.\n"}
,{"stream_name":"stderr","time":66.057468019,"data":"  warnings.warn(\n"}
,{"stream_name":"stdout","time":66.05755517,"data":"[paper_60x60_healthy] seed=0 chip=60x60 obs=(3, 30, 30) faults=0% params=29,717,001 device=cuda:0\n"}
,{"stream_name":"stdout","time":142.520788806,"data":"[paper_60x60_healthy] epoch   1/40  success   1.6%  score  -112.95  cycles  66.44  lr 3.50e-04  (75s)\n"}
,{"stream_name":"stdout","time":217.453772721,"data":"[paper_60x60_healthy] epoch   2/40  success   1.6%  score   -90.18  cycles  66.58  lr 3.50e-04  (74s)\n"}
,{"stream_name":"stdout","time":293.313144531,"data":"[paper_60x60_healthy] epoch   3/40  success   2.2%  score   -83.23  cycles  66.50  lr 3.50e-04  (74s)\n"}
,{"stream_name":"stdout","time":370.095371326,"data":"[paper_60x60_healthy] epoch   4/40  success   2.4%  score   -69.54  cycles  66.50  lr 3.50e-04  (75s)\n"}
,{"stream_name":"stdout","time":446.12065115,"data":"[paper_60x60_healthy] epoch   5/40  success   3.4%  score   -76.07  cycles  65.87  lr 3.50e-04  (74s)\n"}
,{"stream_name":"stdout","time":521.263415509,"data":"[paper_60x60_healthy] epoch   6/40  success   5.4%  score   -71.91  cycles  64.98  lr 3.50e-04  (73s)\n"}
,{"stream_name":"stdout","time":596.244764068,"data":"[paper_60x60_healthy] epoch   7/40  success   5.6%  score   -75.03  cycles  64.64  lr 3.50e-04  (73s)\n"}
,{"stream_name":"stdout","time":670.357535636,"data":"[paper_60x60_healthy] epoch   8/40  success   4.6%  score   -73.45  cycles  64.99  lr 3.50e-04  (73s)\n"}
,{"stream_name":"stdout","time":745.067263243,"data":"[paper_60x60_healthy] epoch   9/40  success   7.6%  score   -69.75  cycles  63.79  lr 3.50e-04  (73s)\n"}
,{"stream_name":"stdout","time":819.44746474,"data":"[paper_60x60_healthy] epoch  10/40  success   6.6%  score   -64.33  cycles  64.87  lr 3.50e-04  (73s)\n"}
,{"stream_name":"stdout","time":894.013584061,"data":"[paper_60x60_healthy] epoch  11/40  success   2.4%  score   -83.28  cycles  66.47  lr 3.50e-04  (74s)\n"}
,{"stream_name":"stdout","time":968.398597566,"data":"[paper_60x60_healthy] epoch  12/40  success   6.0%  score   -73.94  cycles  65.10  lr 3.50e-04  (73s)\n"}
,{"stream_name":"stdout","time":1042.853883143,"data":"[paper_60x60_healthy] epoch  13/40  success   4.6%  score   -70.80  cycles  65.23  lr 3.50e-04  (73s)\n"}
,{"stream_name":"stdout","time":1117.631456722,"data":"[paper_60x60_healthy] epoch  14/40  success   6.4%  score   -60.50  cycles  64.28  lr 3.50e-04  (74s)\n"}
,{"stream_name":"stdout","time":1192.936968994,"data":"[paper_60x60_healthy] epoch  15/40  success  10.6%  score   -56.42  cycles  62.65  lr 3.50e-04  (73s)\n"}
,{"stream_name":"stdout","time":1267.53422924,"data":"[paper_60x60_healthy] epoch  16/40  success  10.4%  score   -53.64  cycles  63.29  lr 3.50e-04  (74s)\n"}
,{"stream_name":"stdout","time":1341.646216791,"data":"[paper_60x60_healthy] epoch  17/40  success  10.6%  score   -52.32  cycles  62.74  lr 3.50e-04  (73s)\n"}
,{"stream_name":"stdout","time":1416.389989524,"data":"[paper_60x60_healthy] epoch  18/40  success   9.2%  score   -51.14  cycles  63.50  lr 3.50e-04  (74s)\n"}
,{"stream_name":"stdout","time":1491.597057294,"data":"[paper_60x60_healthy] epoch  19/40  success   6.6%  score   -57.26  cycles  64.74  lr 3.50e-04  (74s)\n"}
,{"stream_name":"stdout","time":1566.45755328,"data":"[paper_60x60_healthy] epoch  20/40  success  10.8%  score   -47.66  cycles  62.70  lr 3.50e-04  (73s)\n"}
,{"stream_name":"stdout","time":1641.016164133,"data":"[paper_60x60_healthy] epoch  21/40  success  17.0%  score   -34.57  cycles  59.68  lr 3.50e-04  (73s)\n"}
,{"stream_name":"stdout","time":1715.35016186,"data":"[paper_60x60_healthy] epoch  22/40  success  13.0%  score   -41.96  cycles  61.61  lr 3.50e-04  (73s)\n"}
,{"stream_name":"stdout","time":1789.014571025,"data":"[paper_60x60_healthy] epoch  23/40  success  14.8%  score   -40.98  cycles  60.47  lr 3.50e-04  (73s)\n"}
,{"stream_name":"stdout","time":1863.293214103,"data":"[paper_60x60_healthy] epoch  24/40  success  17.4%  score   -40.19  cycles  59.24  lr 3.50e-04  (72s)\n"}
,{"stream_name":"stdout","time":1936.86322638,"data":"[paper_60x60_healthy] epoch  25/40  success  15.0%  score   -43.64  cycles  60.56  lr 3.50e-04  (73s)\n"}
,{"stream_name":"stdout","time":2010.814037516,"data":"[paper_60x60_healthy] epoch  26/40  success  19.8%  score   -27.34  cycles  58.74  lr 3.50e-04  (72s)\n"}
,{"stream_name":"stdout","time":2084.303154192,"data":"[paper_60x60_healthy] epoch  27/40  success  18.4%  score   -35.87  cycles  58.81  lr 3.50e-04  (72s)\n"}
,{"stream_name":"stdout","time":2157.350874089,"data":"[paper_60x60_healthy] epoch  28/40  success  19.0%  score   -41.55  cycles  58.95  lr 3.50e-04  (72s)\n"}
,{"stream_name":"stdout","time":2230.915777652,"data":"[paper_60x60_healthy] epoch  29/40  success  19.4%  score   -31.18  cycles  59.04  lr 3.50e-04  (72s)\n"}
,{"stream_name":"stdout","time":2304.741626155,"data":"[paper_60x60_healthy] epoch  30/40  success  23.0%  score   -21.95  cycles  57.33  lr 3.50e-04  (72s)\n"}
,{"stream_name":"stdout","time":2379.368976639,"data":"[paper_60x60_healthy] epoch  31/40  success  23.6%  score   -26.09  cycles  56.78  lr 3.50e-04  (72s)\n"}
,{"stream_name":"stdout","time":2452.495130356,"data":"[paper_60x60_healthy] epoch  32/40  success  21.6%  score   -27.09  cycles  57.02  lr 3.50e-04  (72s)\n"}
,{"stream_name":"stdout","time":2525.569017266,"data":"[paper_60x60_healthy] epoch  33/40  success  25.8%  score   -21.42  cycles  54.83  lr 3.50e-04  (71s)\n"}
,{"stream_name":"stdout","time":2599.374407548,"data":"[paper_60x60_healthy] epoch  34/40  success  19.0%  score   -35.20  cycles  58.57  lr 3.50e-04  (73s)\n"}
,{"stream_name":"stdout","time":2673.564104906,"data":"[paper_60x60_healthy] epoch  35/40  success  26.6%  score   -15.94  cycles  54.80  lr 3.50e-04  (72s)\n"}
,{"stream_name":"stdout","time":2746.408036811,"data":"[paper_60x60_healthy] epoch  36/40  success  23.2%  score   -26.04  cycles  56.47  lr 3.50e-04  (72s)\n"}
,{"stream_name":"stdout","time":2821.290344558,"data":"[paper_60x60_healthy] epoch  37/40  success  18.4%  score   -36.73  cycles  59.02  lr 3.50e-04  (74s)\n"}
,{"stream_name":"stdout","time":2894.879847089,"data":"[paper_60x60_healthy] epoch  38/40  success  21.2%  score   -30.86  cycles  57.23  lr 3.50e-04  (73s)\n"}
,{"stream_name":"stdout","time":2968.521011313,"data":"[paper_60x60_healthy] epoch  39/40  success  28.2%  score   -17.09  cycles  53.61  lr 3.50e-04  (72s)\n"}
,{"stream_name":"stdout","time":3041.169768977,"data":"[paper_60x60_healthy] epoch  40/40  success  30.6%  score   -14.55  cycles  52.51  lr 3.50e-04  (71s)\n"}
,{"stream_name":"stdout","time":3041.433257353,"data":"/kaggle/working/runs/paper_60x60_healthy/seed_0\n"}
,{"stream_name":"stdout","time":3044.247043599,"data":"+ meda compare-methods --method CNN-PPO /kaggle/working/runs/paper_60x60_healthy --episodes 500 --device cuda --out /kaggle/working/results/paper_60x60_healthy\n"}
,{"stream_name":"stderr","time":3051.450019914,"data":"Gym has been unmaintained since 2022 and does not support NumPy 2.0 amongst other critical functionality.\n"}
,{"stream_name":"stderr","time":3051.450053908,"data":"Please upgrade to Gymnasium, the maintained drop-in replacement of Gym, or contact the authors of your software and request that they upgrade.\n"}
,{"stream_name":"stderr","time":3051.450060252,"data":"Users of this version of Gym should be able to simply replace 'import gym' with 'import gymnasium as gym' in the vast majority of cases.\n"}
,{"stream_name":"stderr","time":3051.450069346,"data":"See the migration guide at https://gymnasium.farama.org/introduction/migration_guide/ for additional information.\n"}
,{"stream_name":"stderr","time":3055.886933306,"data":"/usr/local/lib/python3.13/dist-packages/stable_baselines3/common/on_policy_algorithm.py:150: UserWarning: You are trying to run PPO on the GPU, but it is primarily intended to run on the CPU when not using a CNN policy (you are using ActorCriticPolicy which should be a MlpPolicy). See https://github.com/DLR-RM/stable-baselines3/issues/1245 for more info. You can pass `device='cpu'` or `export CUDA_VISIBLE_DEVICES=` to force using the CPU.Note: The model will train, but the GPU utilization will be poor and the training might take longer than on CPU.\n"}
,{"stream_name":"stderr","time":3055.886974092,"data":"  warnings.warn(\n"}
,{"stream_name":"stdout","time":3073.223119848,"data":"[CNN-PPO seed 0] success 27.8%  cycles 53.48  inference 1.23 ms (cuda:0)\n"}
,{"stream_name":"stdout","time":3073.22315401,"data":"method                         CNN-PPO\n"}
,{"stream_name":"stdout","time":3073.223175513,"data":"n_seeds                              1\n"}
,{"stream_name":"stdout","time":3073.22317885,"data":"success_rate_pct                  27.8\n"}
,{"stream_name":"stdout","time":3073.223181527,"data":"mean_cycles                      53.48\n"}
,{"stream_name":"stdout","time":3073.223184124,"data":"median_cycles                       54\n"}
,{"stream_name":"stdout","time":3073.223186778,"data":"std_cycles                       26.41\n"}
,{"stream_name":"stdout","time":3073.223189447,"data":"mean_cycles_successful_jobs      25.17\n"}
,{"stream_name":"stdout","time":3073.223192096,"data":"failure_rate_pct                  72.2\n"}
,{"stream_name":"stdout","time":3073.223194736,"data":"invalid_action_rate              0.454\n"}
,{"stream_name":"stdout","time":3073.223197321,"data":"env_steps_to_convergence           NaN\n"}
,{"stream_name":"stdout","time":3073.22320004,"data":"optimizer_steps_to_convergence     NaN\n"}
,{"stream_name":"stdout","time":3073.223202776,"data":"seeds_converged                      0\n"}
,{"stream_name":"stdout","time":3073.223205421,"data":"train_time_s                      2973\n"}
,{"stream_name":"stdout","time":3073.22320806,"data":"inference_ms_per_decision        1.229\n"}
,{"stream_name":"stdout","time":3073.223210716,"data":"device                          cuda:0\n"}
,{"stream_name":"stdout","time":3073.223213407,"data":"experiment_config: /kaggle/working/results/paper_60x60_healthy/tables/experiment_config.csv\n"}
,{"stream_name":"stdout","time":3073.223216258,"data":"main_comparison: /kaggle/working/results/paper_60x60_healthy/tables/main_comparison.csv\n"}
,{"stream_name":"stdout","time":3073.223218965,"data":"per_seed: /kaggle/working/results/paper_60x60_healthy/tables/per_seed_results.csv\n"}
,{"stream_name":"stdout","time":3073.223221731,"data":"training_metrics: /kaggle/working/results/paper_60x60_healthy/logs/training_metrics.csv\n"}
,{"stream_name":"stdout","time":3073.223224416,"data":"evaluation_jobs: /kaggle/working/results/paper_60x60_healthy/logs/evaluation_jobs.csv\n"}
,{"stream_name":"stdout","time":3073.223227117,"data":"graph_validation: /kaggle/working/results/paper_60x60_healthy/tables/graph_validation.csv\n"}
,{"stream_name":"stdout","time":3073.22322987,"data":"success_rate_vs_env_steps: /kaggle/working/results/paper_60x60_healthy/figures/success_rate_vs_env_steps.png\n"}
,{"stream_name":"stdout","time":3073.223232611,"data":"train_success_rate_vs_env_steps: /kaggle/working/results/paper_60x60_healthy/figures/train_success_rate_vs_env_steps.png\n"}
,{"stream_name":"stdout","time":3073.223235398,"data":"mean_cycles_vs_env_steps: /kaggle/working/results/paper_60x60_healthy/figures/mean_cycles_vs_env_steps.png\n"}
,{"stream_name":"stdout","time":3075.175835227,"data":"done: paper_60x60_healthy\n"}
,{"stream_name":"stderr","time":3077.984863241,"data":"/usr/local/lib/python3.13/dist-packages/mistune.py:435: SyntaxWarning: invalid escape sequence '\\|'\n"}
,{"stream_name":"stderr","time":3077.984926799,"data":"  cells[i][c] = re.sub('\\\\\\\\\\|', '|', cell)\n"}
,{"stream_name":"stderr","time":3078.268229415,"data":"/usr/local/lib/python3.13/dist-packages/nbconvert/filters/filter_links.py:36: SyntaxWarning: invalid escape sequence '\\_'\n"}
,{"stream_name":"stderr","time":3078.268261914,"data":"  text = re.sub(r'_', '\\_', text) # Escape underscores in display text\n"}
,{"stream_name":"stderr","time":3079.118266002,"data":"[NbConvertApp] Converting notebook __script__.ipynb to html\n"}
,{"stream_name":"stderr","time":3079.680661487,"data":"[NbConvertApp] Writing 284473 bytes to __results__.html\n"}
]